I'm sorry, but errors were detected in your script. Please correct the
errors listed below, and try again.


File "game/Day7.rpy", line 232: end of line expected.
    with Dissolve(3);
                    ^

Ren'Py Version: Ren'Py 6.99.12.4.2187
